// Jest Snapshot v1, https://goo.gl/fbAQLP

exports[`Calculator renders correctly 1`] = `
Array [
  <div>
    <h2>
      Let's do some math
    </h2>
  </div>,
  <div
    className="calculator"
  >
    <div
      className="display"
      data-testid="display"
    >
      <p
        className="display-text"
      >
        0
      </p>
    </div>
    <div
      className="keypad"
    >
      <div
        className="keypad-left"
      >
        <button
          className="button-AC"
          onClick={[Function]}
          type="button"
        >
          AC
        </button>
        <button
          className="button-+/-"
          onClick={[Function]}
          type="button"
        >
          +/-
        </button>
        <button
          className="button-%"
          onClick={[Function]}
          type="button"
        >
          %
        </button>
        <button
          className="button-7"
          onClick={[Function]}
          type="button"
        >
          7
        </button>
        <button
          className="button-8"
          onClick={[Function]}
          type="button"
        >
          8
        </button>
        <button
          className="button-9"
          onClick={[Function]}
          type="button"
        >
          9
        </button>
        <button
          className="button-4"
          onClick={[Function]}
          type="button"
        >
          4
        </button>
        <button
          className="button-5"
          onClick={[Function]}
          type="button"
        >
          5
        </button>
        <button
          className="button-6"
          onClick={[Function]}
          type="button"
        >
          6
        </button>
        <button
          className="button-1"
          onClick={[Function]}
          type="button"
        >
          1
        </button>
        <button
          className="button-2"
          onClick={[Function]}
          type="button"
        >
          2
        </button>
        <button
          className="button-3"
          onClick={[Function]}
          type="button"
        >
          3
        </button>
        <button
          className="button-0"
          onClick={[Function]}
          type="button"
        >
          0
        </button>
        <button
          className="button-."
          onClick={[Function]}
          type="button"
        >
          .
        </button>
      </div>
      <div
        className="keypad-right"
      >
        <button
          className="button-รท"
          onClick={[Function]}
          type="button"
        >
          รท
        </button>
        <button
          className="button-x"
          onClick={[Function]}
          type="button"
        >
          x
        </button>
        <button
          className="button--"
          onClick={[Function]}
          type="button"
        >
          -
        </button>
        <button
          className="button-+"
          onClick={[Function]}
          type="button"
        >
          +
        </button>
        <button
          className="button-="
          onClick={[Function]}
          type="button"
        >
          =
        </button>
      </div>
    </div>
  </div>,
]
`;
